// Jest Snapshot v1, https://goo.gl/fbAQLP

exports[`Component: Layout should render correctly 1`] = `
<div>
  <div
    class="page page--index page--gray"
  >
    <header
      class="header"
    >
      <div
        class="container"
      >
        <div
          class="header__wrapper"
        >
          <div
            class="header__left"
          >
            <a
              class="header__logo"
              data-testid="header__logo"
              href="/"
            >
              <img
                alt="6 cities logo"
                class="header__logo-link"
                height="41"
                src="img/logo.svg"
                width="81"
              />
            </a>
          </div>
          <nav
            class="header__nav"
            data-testid="header__nav"
          >
            <ul
              class="header__nav-list"
            >
              <li
                class="header__nav-item user"
              >
                <a
                  class="header__nav-link header__nav-link--profile"
                  data-testid="header__nav-link--profile"
                  href="/login"
                >
                  <div
                    class="header__avatar-wrapper user__avatar-wrapper"
                  />
                  <span
                    class="header__login"
                    data-testid="header__login"
                  >
                    Sign in
                  </span>
                </a>
              </li>
            </ul>
          </nav>
        </div>
      </div>
    </header>
    <main
      class="page-main page__main--index"
    />
  </div>
</div>
`;
